

Installing Node.js and npm

â— Google for "Download nodejs"
  â–  Install latest version of Node.js
    â—‹ node --version
    â—‹ npm --version
  â–  Trobleshooting: 
    â—‹ Google for "npm troubleshooting"


ì´ë²ˆ ê°•ì˜ì—ì„  Node.jsì™€ npmì„ ì„¤ì¹˜í•˜ê² ë‹¤
â— Google for "Download nodejs"
Node.jsì™€ npmì„ ì„¤ì¹˜í•˜ëŠ” ê°€ì¥ ì‰¬ìš´ ë°©ë²•ì€ download nodejsë¼ê³  ê²€ìƒ‰í•˜ëŠ” ê²ƒì´ë‹¤
download nodejsë¼ê³  ê²€ìƒ‰í•˜ë©´ Node.jsë¥¼ ë‹¤ìš´ë¡œë“œí•  ìˆ˜ ìˆëŠ” í˜ì´ì§€ê°€ ë³´ì¸ë‹¤ 
ë³´ë‹¤ì‹œí”¼ Node.js ì„¤ì¹˜ íŒŒì¼ì€ Windowì™€ Macìš©ë„ ìˆê³  ë³´ë©´ Linuxë„ ìˆë‹¤
Windowë¥¼ ì‚¬ìš©í•˜ë©´ Windows Installerë¥¼ ì‚¬ìš©í•´ì„œ ë‹¤ìš´ë¡œë“œ ë°›ì•„ë¼

ë”ë¸”í´ë¦­í•˜ê³  ë”°ë¼ê°€ë©´ ëœë‹¤
ì„¤ì¹˜ëŠ” êµ‰ì¥íˆ ì‰½ë‹¤

Linuxë¥¼ ì‚¬íš½í•˜ë©´ í•´ë‹¹ ì‹œìŠ¤í…œì— ë§ëŠ” ë°”ì´ë„ˆë¦¬ë¥¼ ì„ íƒí•´ì„œ ë°›ì•„ì„œ ì„¤ì¹˜í•˜ë©´ ëœë‹¤ 

êµìœ¡ìëŠ” Macì„ ì‚¬ìš©í•˜ë‹ˆ Mac OS ì„¤ì¹˜ë¥¼ í•œë‹¤ê³ í•¨


Node.jsë¥¼ ì„¤ì¹˜í–ˆìœ¼ë©´ ì´ë ‡ê²Œ í•œ ë²ˆ í•´ë´ë¼ 
ëª…ë ¹í”„ë¡¬í”„íŠ¸ì—ì„œ(ê´€ë¦¬ìê¶Œí•œìœ¼ë¡œ ì‹¤í–‰) node --versionì´ë¼ ì…ë ¥í•œë‹¤

---------------------------------------------------------------------------------------------

âº cmdì°½ ==>
  
C:\Windows\system32>node --version
v20.14.0

C:\Windows\system32>
---------------------------------------------------------------------------------------------

npm --versionì´ë¼ê³ ë„ í•´ë³´ë©´ ë²„ì „ì´ ë‚˜ì˜¤ëŠ” ê±¸ ì•Œ ìˆ˜ ìˆë‹¤  

---------------------------------------------------------------------------------------------

âº cmdì°½ ==>


C:\Windows\system32>npm --version
10.7.0

C:\Windows\system32>
---------------------------------------------------------------------------------------------  

  â–  Install latest version of Node.js
    â—‹ node --version
    â—‹ npm --version
Node.jsë¥¼ í•­ìƒ ìµœì‹  ë²„ì „ìœ¼ë¡œ ì‚¬ìš©í•˜ê¸¸ ì¶”ì²œí•œë‹¤ 
ìš°ë¦¬ ê°•ì˜ê°€ ëŒ€ë¶€ë¶„ ë‚˜ì™€ ìˆëŠ” ìµœì‹  ë²„ì „ì˜ ì†Œí”„íŠ¸ì›¨ì–´ì™€ í˜¸í™˜ëœë‹¤ëŠ” ê±¸ ì•Œê²Œ ë  ê²ƒì´ë‹¤
ê·¸ëŸ¬ë‹ˆ í˜„ì¬ ì‚¬ìš© ê°€ëŠ¥í•œ Node.js ìµœì‹  ë²„ì „ì„ ì‚¬ìš©í•˜ê¸°ë¥¼ ì¶”ì²œí•œë‹¤ 

  â–  Trobleshooting: 
    â—‹ Google for "npm troubleshooting"  
Node.js ì„¤ì¹˜ì— ë¬¸ì œê°€ ìˆìœ¼ë©´ npm troubleshootingì´ë¼ ê²€ìƒ‰í•´ë´ë¼

ë‘ í˜ì´ì§€ë¥¼ ë³´ë©´ ëœë‹¤
ì—¬ê¸° í•˜ë‚˜ëŠ” npm Docsì—ì„œ ì œê³µí•˜ëŠ” íŠ¸ëŸ¬ë¸”ìŠˆíŒ… ë¬¸ì„œê³  (ì¶œì²˜: https://docs.npmjs.com/getting-started/troubleshooting )
í•˜ë‚˜ëŠ” í”íˆ ë‚˜ì˜¤ëŠ” ì˜¤ë¥˜ì´ë‹¤ (ì¶œì²˜: https://docs.npmjs.com/common-errors )
ì´ ë‘ í˜ì´ì§€ë¥¼ í™•ì¸í•˜ê³  ë¬¸ì œ í•´ê²°ì— ë„ì›€ì´ ë˜ëŠ” ê²Œ ìˆëŠ”ì§€ ì°¾ì•„ë´ë¼



ì§€ê¸ˆê¹Œì§€ Node.jsì™€ npmì„ ì„¤ì¹˜í–ˆë‹¤ 
Node.jsëŠ” JavaScriptì˜ ì„œë²„ ìª½ ì»´í¬ë„ŒíŠ¸ì´ì§€
ê±°ê¸°ì— Javaë¥¼ ì„¤ì¹˜í•˜ë“¯ì´ ê±°ê¸°ì— Node.jsë¥¼ ì„¤ì¹˜í•´ì„œ 
JavaScript ì½”ë“œë¥¼ ë¸Œë¼ìš°ì € ì—†ì´ ê¸°ê¸°ì—ì„œ ë°”ë¡œ ì‹¤í–‰í•  ìˆ˜ ìˆëŠ” ê²ƒì´ë‹¤ 

ê·¸ëŸ¼ ì´ì œ npmì€ ë­˜ê¹Œ?

ğŸ”µ What is npm?

  
Installing Node.js and npm

â— Google for "Download nodejs"
  â–  Install latest version of Node.js
    â—‹ node --version
    â—‹ npm --version
  â–  Trobleshooting: 
    â—‹ Google for "npm troubleshooting"  
â— npm: Package Manager for JavaScript
  â–  Similar to Maven/Gradle in Java world
  â–  npm init: Create new project



â— npm: Package Manager for JavaScript
npmì€ JavaScriptì˜ íŒ¨í‚¤ì§€ ê´€ë¦¬ìì´ë‹¤ 
  â–  Similar to Maven/Gradle in Java world
npmì€ Mavenì´ë‚˜ Gradleê³¼ ì•„ì£¼ ë¹„ìŠ·í•˜ë‹¤
Mavenìœ¼ë¡œ ë­˜ í•˜ì§€?
Spring Frameworkë¡œ ë§Œë“¤ê³  ì‹¶ë‹¤ë©´ Mavenì˜ pom.xmlì—ë‹¤ê°€ Spring Framework ì¢…ì†ì„±ì„ ë„£ì–´ì£¼ë©´ 
Mavenì´ ìë™ìœ¼ë¡œ ë‹¤ìš´ë¡œë“œ ë°›ì•„ì£¼ì§€ 

npmì€ JavaScript ì„¸ê³„ì—ì„œ ì•„ì£¼ ë¹„ìŠ·í•œ ì—­í• ì„ í•œë‹¤ 
  â–  npm init: Create new project
ì¢…ì†ì„± ì •ë³´ë¥¼ íŠ¹ì • íŒŒì¼ì— ì •ì˜í•˜ë©´ npmì´ ë‹¤ìš´ë¡œë“œ í•´ ì¤€ë‹¤


ì´ì œ npmì„ ì¢€ ê°€ì§€ê³  ë†€ì•„ë³´ì


ë‹¤ì‹œ node --versionì„ ì…ë ¥í•´ë³´ì

---------------------------------------------------------------------------------------------

âº cmdì°½ ==>


C:\Windows\system32>node --version
v20.14.0
  
---------------------------------------------------------------------------------------------  
Node ìµœì‹  ë²„ì „ì´ ë‚˜ì˜¤ëŠ” ê±¸ ë³¼ ìˆ˜ ìˆì§€,
npm --versionì„ í•´ë„

---------------------------------------------------------------------------------------------

âº cmdì°½ ==>


C:\Windows\system32>npm --version
10.7.0

---------------------------------------------------------------------------------------------  
ë§ˆì°¬ê°€ì§€ë‹¤   
Node.jsì™€ npmì€ ë‚˜ì™€ ìˆëŠ” ê°€ì¥ ìµœì‹  ë²„ì „ì„ ì‚¬ìš©í•˜ëŠ”ê²Œ ì¢‹ë‹¤ 

ë„˜ì–´ê°€ì„œ npm init ëª…ë ¹ì–´ë¥¼ ì‹¤í–‰í•˜ê² ë‹¤
---------------------------------------------------------------------------------------------

âº cmdì°½ ==>


C:\Windows\system32>npm init
This utility will walk you through creating a package.json file.
It only covers the most common items, and tries to guess sensible defaults.

See `npm help init` for definitive documentation on these fields
and exactly what they do.

Use `npm install <pkg>` afterwards to install a package and
save it as a dependency in the package.json file.

Press ^C at any time to quit.
package name: (system32)

---------------------------------------------------------------------------------------------  
npm í”„ë¡œì íŠ¸, í˜¹ì€ Node.js í”„ë¡œì íŠ¸ë¥¼ ìƒì„±í•œë‹¤   
package.json íŒŒì¼ì´ ìƒê¸´ë‹¤ ( save it as a dependency in the package.json file. )
package.jsonì€ Mavenì˜ pom.xmlê³¼ ë§¤ìš° ë¹„ìŠ·í•˜ë‹¤ 
JavaScript ì¢…ì†ì„±ì„ ì •ì˜í•˜ëŠ” íŒŒì¼ì´ì§€

npm initì„ í•˜ë©´ ëŒ€ë‹µí•  ì§ˆë¬¸ì´ ë§ë‹¤ 
íŒ¨í‚¤ì§€ ì´ë¦„ì„ ì§€ì–´ì¤˜ì•¼ ê² ë‹¤ 
first-npm-projectë¼ í•˜ì, ê·¸ë¦¬ê³  ë‹¤ë¥¸ ëª¨ë“  ì§ˆë¬¸ì€ ê¸°ë³¸ê°’ìœ¼ë¡œ ëŒ€ë‹µí•˜ê² ë‹¤

---------------------------------------------------------------------------------------------

âº cmdì°½ ==>



C:\Windows\system32>npm init
This utility will walk you through creating a package.json file.
It only covers the most common items, and tries to guess sensible defaults.

See `npm help init` for definitive documentation on these fields
and exactly what they do.

Use `npm install <pkg>` afterwards to install a package and
save it as a dependency in the package.json file.

Press ^C at any time to quit.
package name: (system32) first-npm-project    //1. <== íŒ¨í‚¤ì§€ ëª… first-npm-projectë¼ ì ì–´ì¤Œ
version: (1.0.0)                              //1-1: ìˆ˜ë§ì€ ì§ˆë¬¸ë“¤ Enterë¡œ ë„˜ê¹€
description:
entry point: (index.js)
test command:
git repository:
keywords:
author:
license: (ISC)
About to write to C:\Windows\system32\package.json:

{
  "name": "first-npm-project",
  "version": "1.0.0",
  "main": "index.js",
  "scripts": {
    "test": "echo \"Error: no test specified\" && exit 1"
  },
  "author": "",
  "license": "ISC",
  "description": ""
}


Is this OK? (yes) yes                //1-2: ë§ˆì§€ë§‰ìœ¼ë¡œ yesë¼ê³  í•˜ê³  ì—”í„°
---------------------------------------------------------------------------------------------

ë§ì€ ì§ˆë¬¸ë“¤ì´ ìˆëŠ”ë° ëª¨ë“  ì§ˆë¬¸ì— ê³„ì† ì—”í„°ë¥¼ ì…ë ¥í•œë‹¤   
ë§ˆì§€ë§‰ìœ¼ë¡œ Is this OK? (yes) ê´œì°®ëƒê³  ë¬»ëŠ”ë‹¤, ë§ˆì§€ë§‰ìœ¼ë¡œ OKë¼ê³  ë¬¼ìœ¼ë©´ yesë¼ ì…ë ¥í•˜ê³  ì—”í„°ë¥¼ ëˆ„ë¥¸ë‹¤

pwdë¥¼ ì…ë ¥í•´ì„œ í˜„ì¬ ì‘ì—… ë””ë ‰í† ë¦¬ë¡œ ê°€ê² ë‹¤
ì´ í´ë”ë¥¼ ë³´ë©´ package.json íŒŒì¼ì´ ì—¬ê¸° ìˆëŠ”ê²Œ ë³´ì¸ë‹¤ (C:\Windows\system32\package.json) 
ì´ íŒŒì¼ì„ VSCì— ë“œë˜ê·¸ ë“œë¡­ í•˜ê² ë‹¤ 

---------------------------------------------------------------------------------------------
âº VSC

âºpackage.json íŒŒì¼
  
{
  "name": "first-npm-project",
  "version": "1.0.0",
  "main": "index.js",
  "scripts": {
    "test": "echo \"Error: no test specified\" && exit 1"
  },
  "author": "",
  "license": "ISC",
  "description": ""
}

---------------------------------------------------------------------------------------------

ê·¸ëŸ¼ ì´ì œ package.json ë‚´ìš©ì´ ë³´ì¸ë‹¤ 
ìš°ë¦¬ê°€ ì¤€ ì´ë¦„ì´ ì—¬ê¸° ìˆê³  "name": "first-npm-project",
ë²„ì „ë„ ë³´ì´ê³   "version": "1.0.0",
ì„¤ì •í•œ ëª¨ë“  ê°’ì´ ì—¬ê¸° ì˜ ìˆë‹¤  


ğŸ”µ Node.js ì¢…ì†ì„± ì¶”ê°€ ë°©ë²•

ì´ì œ ì´ í”„ë¡œì íŠ¸ì— ì¢…ì†ì„±ì„ ì¶”ê°€í•˜ê³  ì‹¶ë‹¤, 
ì˜ˆë¥¼ ë“¤ì–´ JQueryë¥¼ ì‚¬ìš©í•˜ê³  ì‹¶ì„ ìˆ˜ ìˆê² ì§€ 

ëª‡ ë…„ ì „ë§Œ í•´ë„ JQueryëŠ” ê°€ì¥ ìœ ëª…í•œ JavaScript ë¼ì´ë¸ŒëŸ¬ë¦¬ ì¤‘ í•˜ë‚˜ì˜€ë‹¤ 
JQueryë¥¼ ë‚´ í”„ë¡œì íŠ¸ì—ì„œ ì‚¬ìš©í•˜ë ¤ í•œë‹¤ê³  ê°€ì •í•˜ì 


---------------------------------------------------------------------------------------------

âº cmdì°½ ==>

  
C:\Windows\system32>npm install jquery

added 1 package, and audited 2 packages in 2s

found 0 vulnerabilities

---------------------------------------------------------------------------------------------

npm install jqueryë¼ ì…ë ¥í•˜ê³  ì—”í„°ë¥¼ ëˆ„ë¥¸ë‹¤   
1 packageê°€ ì¶”ê°€ë˜ì—ˆê³  2sê°€ ê±¸ë ¸ë‹¤ê³  ë‚˜ì˜¨ë‹¤ 

ë‹¤ì‹œ íŒ¨í‚¤ì§€ íŒŒì¼ë¡œ ëŒì•„ê°€ì„œ ì‚´í´ë³´ë©´

---------------------------------------------------------------------------------------------
âº VSC

âºpackage.json íŒŒì¼


{
  "name": "first-npm-project",
  "version": "1.0.0",
  "main": "index.js",
  "scripts": {
    "test": "echo \"Error: no test specified\" && exit 1"
  },
  "author": "",
  "license": "ISC",
  "description": "",
  "dependencies": {
    "jquery": "^3.7.1"
  }
}

---------------------------------------------------------------------------------------------
dependenciesê°€ ì—¬ê¸° ì¶”ê°€ëœ ê±¸ ë³¼ ìˆ˜ ìˆë‹¤   
ì–´ë–¤ ì¢…ì†ì„±ì´ ì¶”ê°€ëëƒ, ë°”ë¡œ JQueryê°€ ì¶”ê°€ëì§€
  "dependencies": {
    "jquery": "^3.7.1"
  }
ì—¬ê¸° ë³´ë©´ 3.7.1ì´ë¼ ë¼ìˆì§€ 
JQuery ìµœì‹  ë²„ì „ì„ ì‚¬ìš©í•˜ê³  ìˆëŠ”ë° ì´ ^ ê¸°í˜¸ëŠ” 3. ëª‡ ë²„ì „ìœ¼ë¡œ ì—…ê·¸ë ˆì´ë“œê°€ ê°€ëŠ¥í•˜ë‹¤ëŠ” ëœ»ì´ë‹¤
ë§Œì•½ 3.81ì´ ê°€ëŠ¥í•˜ë‹¤ë©´ ê·¸ê±¸ ì‚¬ìš©í•´ì•¼ê² ì§€
í•˜ì§€ë§Œ 4.5.6ì´ë¼ëŠ” ë²„ì „ì´ ìƒˆë¡œ ë‚˜ì˜¨ë‹¤ í•´ë„ ì—…ê·¸ë ˆì´ë‹¤ê°€ ìë™ìœ¼ë¡œ ë˜ì§€ ì•Šì„ ê²ƒì´ë‹¤
ì´ëŸ° ê²ƒë“¤ì€ ì•„ì§ ì‹ ê²½ì“°ì§€ ì•Šì•„ë„ ëœë‹¤

ì§€ê¸ˆì€ ì¼ë‹¨ ì¢…ì†ì„±ì„ ì¶”ê°€í•  ìˆ˜ ìˆì§€, ì¢…ì†ì„±ì„ ì¶”ê°€í•˜ë‹ˆ ì–´ë–¤ ì¼ì´ ìƒê¸¸ê¹Œ?
ë‹¤ì‹œ í´ë”ë¡œ ëŒì•„ê°€ ë³´ë©´  ( C:\Windows\system32\package.json ì˜ C:\Windows\system32 í´ë”)
node_modulesë¼ëŠ” í´ë”ê°€ ìƒê¸´ê²Œ ë³´ì¸ë‹¤
node_modulesë¡œ ë“¤ì–´ê°€ ë³´ë©´ jQueryê°€ ë‹¤ìš´ë¡œë“œ ëœ ê²Œ ë³´ì´ì§€
ì´ì œ JavaScript ì½”ë“œì—ì„œ ë°”ë¡œ JQueryë¥¼ ì‚¬ìš©í•  ìˆ˜ ìˆë‹¤ 
jQueryë¥¼ ìˆ˜ë™ìœ¼ë¡œ ë‹¤ìš´ë¡œë“œ ë°›ëŠ”ê²Œ ì•„ë‹ˆë¼ npmì„ ì‚¬ìš©í•´ì„œ ë‹¤ìš´ë¡œë“œ ë°›ëŠ” ê±°ë‹¤






Installing Node.js and npm

â— Google for "Download nodejs"
  â–  Install latest version of Node.js
    â—‹ node --version
    â—‹ npm --version
  â–  Trobleshooting: 
    â—‹ Google for "npm troubleshooting"  
â— npm: Package Manager for JavaScript
  â–  Similar to Maven/Gradle in Java world
  â–  npm init: Create new project
  â–  package.json: Your dependency definitions
  â–  Add a dependency:
    â—‹ npm install jquery
    â—‹ You don't to download and manage versions
  â–  node_modules: Downloaded dependencies (temp)


ì§€ê¸ˆê¹Œì§€ npm initì„ ì‚¬ìš©í•´ì„œ ìƒˆë¡œìš´ í”„ë¡œì íŠ¸ë¥¼ ë§Œë“¤ê³ 
  â–  package.json: Your dependency definitions
package.jsonì—ì„œ JavaScript ì¢…ì†ì„±ì„ ì •ì˜í•˜ëŠ” ê±¸ ë´¤ë‹¤ 
  â–  Add a dependency:
ì¢…ì†ì„±ì„ ì¶”ê°€í•  ìˆ˜ ìˆì—ˆë‹¤   
    â—‹ npm install jquery
npm install jqueryë¥¼ ì‚¬ìš©í•´ JQuery ì¢…ì†ì„±ì„ ì¶”ê°€í–ˆë‹¤ 
    â—‹ You don't to download and manage versions
ê·¸ë¦¬ê³  npmì´ ì¢‹ì€ ì ì€ ì¢…ì†ì„±ì„ ì§ì ‘ ë‹¤ìš´ë¡œë“œ í•˜ê³  ë²„ì „ ê´€ë¦¬ë¥¼ í•˜ì§€ ì•Šì•„ë„ ëœë‹¤ëŠ” ê²ƒì´ë‹¤
npmì´ ì¢…ì†ì„±ì„ ìë™ìœ¼ë¡œ ë‹¤ìš´ë¡œë“œ ë°›ì•„ì£¼ê¸°ë•Œë¬¸ì´ë‹¤ 
  â–  node_modules: Downloaded dependencies (temp)
ê·¸ë¦¬ê³  node_modulesë¼ëŠ” í´ë”ì— ê·¸ ì¢…ì†ì„±ì´ ë‹¤ìš´ë¡œë“œ ëœ ê²ƒë„ í™•ì¸í–ˆë‹¤ 
ì´ê²ƒì€ ëª¨ë“  ì¢…ì†ì„±ì´ ë‹´ê¸°ëŠ” ì¼ì¢…ì˜ ì„ì‹œ í´ë”ì§€ 

ì´ node_modules í´ë”ë¥¼ ì‚­ì œí•˜ë”ë¼ê³  
ëŒì•„ê°€ì„œ npm install ì´ë¼ê³  ë‹¤ì‹œ í•˜ë©´

---------------------------------------------------------------------------------------------

âº cmdì°½ ==>

  
C:\Windows\system32>npm install

added 1 package, and audited 2 packages in 824ms

found 0 vulnerabilities

C:\Windows\system32>

---------------------------------------------------------------------------------------------  
ë‹¤ì‹œ ì¢…ì†ì„±ì´ ë‹¤ìš´ë¡œë“œ ë˜ëŠ” ê±¸ ë³¼ ìˆ˜ ìˆë‹¤  





ì´ë²ˆ ë‹¨ê³„ëŠ” Node.jsì™€ npmì„ ì„¤ì¹˜í•´ë´¤ë‹¤
ë‹¤ìŒ ê°•ì˜ì— ë³´ê² ë‹¤
